Log created at: 2026-06-24T04:34:01Z
